[INFO] Scanning for projects...
[INFO] 
[INFO] -----------------< com.example:loan-management-system >-----------------
[INFO] Building loan-management-system 1.0-SNAPSHOT
[INFO]   from pom.xml
[INFO] --------------------------------[ jar ]---------------------------------
[WARNING] 6 problems were encountered while building the effective model for org.openjfx:javafx-controls:jar:17.0.10 during dependency collection step for project (use -X to see details)
[INFO] 
[INFO] --- resources:3.3.1:resources (default-resources) @ loan-management-system ---
[INFO] Copying 13 resources from src\main\resources to target\classes
[INFO] 
[INFO] --- compiler:3.11.0:compile (default-compile) @ loan-management-system ---
[WARNING] **********************************************************************************************************************************************************************
[WARNING] * Required filename-based automodules detected: [itextpdf-5.5.13.3.jar, commons-math3-3.6.1.jar]. Please don't publish this project to a public artifact repository! *
[WARNING] **********************************************************************************************************************************************************************
[INFO] Nothing to compile - all classes are up to date
[INFO] 
[INFO] --- resources:3.3.1:testResources (default-testResources) @ loan-management-system ---
[INFO] skip non existing resourceDirectory D:\Loanify-JavaFX\src\test\resources
[INFO] 
[INFO] --- compiler:3.11.0:testCompile (default-testCompile) @ loan-management-system ---
[INFO] Nothing to compile - all classes are up to date
[INFO] 
[INFO] --- surefire:3.2.5:test (default-test) @ loan-management-system ---
[INFO] Using auto detected provider org.apache.maven.surefire.junitplatform.JUnitPlatformProvider
[INFO] 
[INFO] -------------------------------------------------------
[INFO]  T E S T S
[INFO] -------------------------------------------------------
[INFO] Running com.example.loanmanagement.service.CustomerServiceTest
[INFO] Tests run: 11, Failures: 0, Errors: 0, Skipped: 0, Time elapsed: 2.040 s -- in com.example.loanmanagement.service.CustomerServiceTest
[INFO] Running com.example.loanmanagement.service.TextLkSmsServiceTest
SMS sent successfully to 0771234567
[INFO] Tests run: 3, Failures: 0, Errors: 0, Skipped: 0, Time elapsed: 0.595 s -- in com.example.loanmanagement.service.TextLkSmsServiceTest
[INFO] 
[INFO] Results:
[INFO] 
[INFO] Tests run: 14, Failures: 0, Errors: 0, Skipped: 0
[INFO] 
[INFO] ------------------------------------------------------------------------
[INFO] BUILD SUCCESS
[INFO] ------------------------------------------------------------------------
[INFO] Total time:  6.763 s
[INFO] Finished at: 2026-02-18T21:31:10+05:30
[INFO] ------------------------------------------------------------------------
